Parse failed, using fallback: Connection error.
Render failed, using fallback: Connection error.
Parse failed, using fallback: Connection error.
Render failed, using fallback: Connection error.
Parse failed, using fallback: Connection error.
Render failed, using fallback: Connection error.
Parse failed, using fallback: Connection error.
